PRINT-BANG INPUT (DISPLAY): struct M($crate :: S) ;
PRINT-BANG INPUT (DEBUG): TokenStream [
    Ident {
        ident: "struct",
        span: $DIR/dollar-crate-issue-57089.rs:17:13: 17:19 (#6),
    },
    Ident {
        ident: "M",
        span: $DIR/dollar-crate-issue-57089.rs:17:20: 17:21 (#6),
    },
    Group {
        delimiter: Parenthesis,
        stream: TokenStream [
            Ident {
                ident: "$crate",
                span: $DIR/dollar-crate-issue-57089.rs:17:22: 17:28 (#7),
            },
            Punct {
                ch: ':',
                spacing: Joint,
                span: $DIR/dollar-crate-issue-57089.rs:17:28: 17:30 (#6),
            },
            Punct {
                ch: ':',
                spacing: Alone,
                span: $DIR/dollar-crate-issue-57089.rs:17:28: 17:30 (#6),
            },
            Ident {
                ident: "S",
                span: $DIR/dollar-crate-issue-57089.rs:17:30: 17:31 (#6),
            },
        ],
        span: $DIR/dollar-crate-issue-57089.rs:17:21: 17:32 (#6),
    },
    Punct {
        ch: ';',
        spacing: Alone,
        span: $DIR/dollar-crate-issue-57089.rs:17:32: 17:33 (#6),
    },
]
PRINT-ATTR INPUT (DISPLAY): struct A($crate :: S) ;
PRINT-ATTR INPUT (DEBUG): TokenStream [
    Ident {
        ident: "struct",
        span: $DIR/dollar-crate-issue-57089.rs:21:9: 21:15 (#6),
    },
    Ident {
        ident: "A",
        span: $DIR/dollar-crate-issue-57089.rs:21:16: 21:17 (#6),
    },
    Group {
        delimiter: Parenthesis,
        stream: TokenStream [
            Ident {
                ident: "$crate",
                span: $DIR/dollar-crate-issue-57089.rs:21:18: 21:24 (#8),
            },
            Punct {
                ch: ':',
                spacing: Joint,
                span: $DIR/dollar-crate-issue-57089.rs:21:24: 21:26 (#6),
            },
            Punct {
                ch: ':',
                spacing: Alone,
                span: $DIR/dollar-crate-issue-57089.rs:21:24: 21:26 (#6),
            },
            Ident {
                ident: "S",
                span: $DIR/dollar-crate-issue-57089.rs:21:26: 21:27 (#6),
            },
        ],
        span: $DIR/dollar-crate-issue-57089.rs:21:17: 21:28 (#6),
    },
    Punct {
        ch: ';',
        spacing: Alone,
        span: $DIR/dollar-crate-issue-57089.rs:21:28: 21:29 (#6),
    },
]
