PRINT-BANG INPUT (DISPLAY): struct M($crate :: S) ;
PRINT-BANG INPUT (DEBUG): TokenStream [
    Ident {
        ident: "struct",
        span: $DIR/dollar-crate.rs:20:17: 20:23 (#7),
    },
    Ident {
        ident: "M",
        span: $DIR/dollar-crate.rs:20:24: 20:25 (#7),
    },
    Group {
        delimiter: Parenthesis,
        stream: TokenStream [
            Ident {
                ident: "$crate",
                span: $DIR/dollar-crate.rs:20:26: 20:32 (#8),
            },
            Punct {
                ch: ':',
                spacing: Joint,
                span: $DIR/dollar-crate.rs:20:32: 20:34 (#7),
            },
            Punct {
                ch: ':',
                spacing: Alone,
                span: $DIR/dollar-crate.rs:20:32: 20:34 (#7),
            },
            Ident {
                ident: "S",
                span: $DIR/dollar-crate.rs:20:34: 20:35 (#7),
            },
        ],
        span: $DIR/dollar-crate.rs:20:25: 20:36 (#7),
    },
    Punct {
        ch: ';',
        spacing: Alone,
        span: $DIR/dollar-crate.rs:20:36: 20:37 (#7),
    },
]
PRINT-ATTR INPUT (DISPLAY): struct A($crate :: S) ;
PRINT-ATTR INPUT (DEBUG): TokenStream [
    Ident {
        ident: "struct",
        span: $DIR/dollar-crate.rs:24:13: 24:19 (#7),
    },
    Ident {
        ident: "A",
        span: $DIR/dollar-crate.rs:24:20: 24:21 (#7),
    },
    Group {
        delimiter: Parenthesis,
        stream: TokenStream [
            Ident {
                ident: "$crate",
                span: $DIR/dollar-crate.rs:24:22: 24:28 (#9),
            },
            Punct {
                ch: ':',
                spacing: Joint,
                span: $DIR/dollar-crate.rs:24:28: 24:30 (#7),
            },
            Punct {
                ch: ':',
                spacing: Alone,
                span: $DIR/dollar-crate.rs:24:28: 24:30 (#7),
            },
            Ident {
                ident: "S",
                span: $DIR/dollar-crate.rs:24:30: 24:31 (#7),
            },
        ],
        span: $DIR/dollar-crate.rs:24:21: 24:32 (#7),
    },
    Punct {
        ch: ';',
        spacing: Alone,
        span: $DIR/dollar-crate.rs:24:32: 24:33 (#7),
    },
]
PRINT-DERIVE INPUT (DISPLAY): struct D($crate :: S) ;
PRINT-DERIVE INPUT (DEBUG): TokenStream [
    Ident {
        ident: "struct",
        span: $DIR/dollar-crate.rs:27:13: 27:19 (#7),
    },
    Ident {
        ident: "D",
        span: $DIR/dollar-crate.rs:27:20: 27:21 (#7),
    },
    Group {
        delimiter: Parenthesis,
        stream: TokenStream [
            Ident {
                ident: "$crate",
                span: $DIR/dollar-crate.rs:27:22: 27:28 (#10),
            },
            Punct {
                ch: ':',
                spacing: Joint,
                span: $DIR/dollar-crate.rs:27:28: 27:30 (#7),
            },
            Punct {
                ch: ':',
                spacing: Alone,
                span: $DIR/dollar-crate.rs:27:28: 27:30 (#7),
            },
            Ident {
                ident: "S",
                span: $DIR/dollar-crate.rs:27:30: 27:31 (#7),
            },
        ],
        span: $DIR/dollar-crate.rs:27:21: 27:32 (#7),
    },
    Punct {
        ch: ';',
        spacing: Alone,
        span: $DIR/dollar-crate.rs:27:32: 27:33 (#7),
    },
]
PRINT-BANG INPUT (DISPLAY): struct M($crate :: S) ;
PRINT-BANG INPUT (DEBUG): TokenStream [
    Ident {
        ident: "struct",
        span: $DIR/auxiliary/dollar-crate-external.rs:7:13: 7:19 (#24),
    },
    Ident {
        ident: "M",
        span: $DIR/auxiliary/dollar-crate-external.rs:7:20: 7:21 (#24),
    },
    Group {
        delimiter: Parenthesis,
        stream: TokenStream [
            Ident {
                ident: "$crate",
                span: $DIR/auxiliary/dollar-crate-external.rs:7:22: 7:28 (#25),
            },
            Punct {
                ch: ':',
                spacing: Joint,
                span: $DIR/auxiliary/dollar-crate-external.rs:7:28: 7:30 (#24),
            },
            Punct {
                ch: ':',
                spacing: Alone,
                span: $DIR/auxiliary/dollar-crate-external.rs:7:28: 7:30 (#24),
            },
            Ident {
                ident: "S",
                span: $DIR/auxiliary/dollar-crate-external.rs:7:30: 7:31 (#24),
            },
        ],
        span: $DIR/auxiliary/dollar-crate-external.rs:7:21: 7:32 (#24),
    },
    Punct {
        ch: ';',
        spacing: Alone,
        span: $DIR/auxiliary/dollar-crate-external.rs:7:32: 7:33 (#24),
    },
]
PRINT-ATTR INPUT (DISPLAY): struct A($crate :: S) ;
PRINT-ATTR INPUT (DEBUG): TokenStream [
    Ident {
        ident: "struct",
        span: $DIR/auxiliary/dollar-crate-external.rs:11:9: 11:15 (#24),
    },
    Ident {
        ident: "A",
        span: $DIR/auxiliary/dollar-crate-external.rs:11:16: 11:17 (#24),
    },
    Group {
        delimiter: Parenthesis,
        stream: TokenStream [
            Ident {
                ident: "$crate",
                span: $DIR/auxiliary/dollar-crate-external.rs:11:18: 11:24 (#26),
            },
            Punct {
                ch: ':',
                spacing: Joint,
                span: $DIR/auxiliary/dollar-crate-external.rs:11:24: 11:26 (#24),
            },
            Punct {
                ch: ':',
                spacing: Alone,
                span: $DIR/auxiliary/dollar-crate-external.rs:11:24: 11:26 (#24),
            },
            Ident {
                ident: "S",
                span: $DIR/auxiliary/dollar-crate-external.rs:11:26: 11:27 (#24),
            },
        ],
        span: $DIR/auxiliary/dollar-crate-external.rs:11:17: 11:28 (#24),
    },
    Punct {
        ch: ';',
        spacing: Alone,
        span: $DIR/auxiliary/dollar-crate-external.rs:11:28: 11:29 (#24),
    },
]
PRINT-DERIVE INPUT (DISPLAY): struct D($crate :: S) ;
PRINT-DERIVE INPUT (DEBUG): TokenStream [
    Ident {
        ident: "struct",
        span: $DIR/auxiliary/dollar-crate-external.rs:14:9: 14:15 (#24),
    },
    Ident {
        ident: "D",
        span: $DIR/auxiliary/dollar-crate-external.rs:14:16: 14:17 (#24),
    },
    Group {
        delimiter: Parenthesis,
        stream: TokenStream [
            Ident {
                ident: "$crate",
                span: $DIR/auxiliary/dollar-crate-external.rs:14:18: 14:24 (#27),
            },
            Punct {
                ch: ':',
                spacing: Joint,
                span: $DIR/auxiliary/dollar-crate-external.rs:14:24: 14:26 (#24),
            },
            Punct {
                ch: ':',
                spacing: Alone,
                span: $DIR/auxiliary/dollar-crate-external.rs:14:24: 14:26 (#24),
            },
            Ident {
                ident: "S",
                span: $DIR/auxiliary/dollar-crate-external.rs:14:26: 14:27 (#24),
            },
        ],
        span: $DIR/auxiliary/dollar-crate-external.rs:14:17: 14:28 (#24),
    },
    Punct {
        ch: ';',
        spacing: Alone,
        span: $DIR/auxiliary/dollar-crate-external.rs:14:28: 14:29 (#24),
    },
]
