PRINT-ATTR INPUT (DISPLAY): struct A(identity! ($crate :: S)) ;
PRINT-ATTR INPUT (DEBUG): TokenStream [
    Ident {
        ident: "struct",
        span: $DIR/dollar-crate-issue-62325.rs:19:5: 19:11 (#5),
    },
    Ident {
        ident: "A",
        span: $DIR/dollar-crate-issue-62325.rs:19:12: 19:13 (#5),
    },
    Group {
        delimiter: Parenthesis,
        stream: TokenStream [
            Ident {
                ident: "identity",
                span: $DIR/dollar-crate-issue-62325.rs:19:14: 19:22 (#5),
            },
            Punct {
                ch: '!',
                spacing: Alone,
                span: $DIR/dollar-crate-issue-62325.rs:19:22: 19:23 (#5),
            },
            Group {
                delimiter: Parenthesis,
                stream: TokenStream [
                    Ident {
                        ident: "$crate",
                        span: $DIR/dollar-crate-issue-62325.rs:19:24: 19:30 (#6),
                    },
                    Punct {
                        ch: ':',
                        spacing: Joint,
                        span: $DIR/dollar-crate-issue-62325.rs:19:30: 19:32 (#5),
                    },
                    Punct {
                        ch: ':',
                        spacing: Alone,
                        span: $DIR/dollar-crate-issue-62325.rs:19:30: 19:32 (#5),
                    },
                    Ident {
                        ident: "S",
                        span: $DIR/dollar-crate-issue-62325.rs:19:32: 19:33 (#5),
                    },
                ],
                span: $DIR/dollar-crate-issue-62325.rs:19:23: 19:34 (#5),
            },
        ],
        span: $DIR/dollar-crate-issue-62325.rs:19:13: 19:35 (#5),
    },
    Punct {
        ch: ';',
        spacing: Alone,
        span: $DIR/dollar-crate-issue-62325.rs:19:35: 19:36 (#5),
    },
]
PRINT-ATTR INPUT (DISPLAY): struct B(identity! ($crate :: S)) ;
PRINT-ATTR INPUT (DEBUG): TokenStream [
    Ident {
        ident: "struct",
        span: $DIR/auxiliary/dollar-crate-external.rs:21:5: 21:11 (#15),
    },
    Ident {
        ident: "B",
        span: $DIR/auxiliary/dollar-crate-external.rs:21:12: 21:13 (#15),
    },
    Group {
        delimiter: Parenthesis,
        stream: TokenStream [
            Ident {
                ident: "identity",
                span: $DIR/auxiliary/dollar-crate-external.rs:21:14: 21:22 (#15),
            },
            Punct {
                ch: '!',
                spacing: Alone,
                span: $DIR/auxiliary/dollar-crate-external.rs:21:22: 21:23 (#15),
            },
            Group {
                delimiter: Parenthesis,
                stream: TokenStream [
                    Ident {
                        ident: "$crate",
                        span: $DIR/auxiliary/dollar-crate-external.rs:21:24: 21:30 (#16),
                    },
                    Punct {
                        ch: ':',
                        spacing: Joint,
                        span: $DIR/auxiliary/dollar-crate-external.rs:21:30: 21:32 (#15),
                    },
                    Punct {
                        ch: ':',
                        spacing: Alone,
                        span: $DIR/auxiliary/dollar-crate-external.rs:21:30: 21:32 (#15),
                    },
                    Ident {
                        ident: "S",
                        span: $DIR/auxiliary/dollar-crate-external.rs:21:32: 21:33 (#15),
                    },
                ],
                span: $DIR/auxiliary/dollar-crate-external.rs:21:23: 21:34 (#15),
            },
        ],
        span: $DIR/auxiliary/dollar-crate-external.rs:21:13: 21:35 (#15),
    },
    Punct {
        ch: ';',
        spacing: Alone,
        span: $DIR/auxiliary/dollar-crate-external.rs:21:35: 21:36 (#15),
    },
]
