
running 1 test
test $DIR/no_compile.rs - S (line 22) ... ok

test result: ok. 1 passed; 0 failed; 0 ignored; 0 measured; 0 filtered out; finished in $TIME

